21:05:46 [INFO] Logger initialized.
21:05:46 [ERROR] Rust panic: This game version or distribution is not supported
   0: DllMain
   1: DllMain
   2: DllMain
   3: DllMain
   4: DllMain
   5: DllMain
   6: DllMain
   7: aws_lc_0_45_0_jent_entropy_switch_notime_impl
   8: aws_lc_0_45_0_jent_entropy_switch_notime_impl
   9: DllMain
  10: DllMain
  11: aws_lc_0_45_0_jent_entropy_switch_notime_impl
  12: DllMain
  13: DllMain
  14: DllMain
  15: aws_lc_0_45_0_jent_entropy_switch_notime_impl
  16: RtlEncodeRemotePointer
  17: RtlAllocateHeap
  18: LdrAddRefDll
  19: LdrGetProcedureAddressForCaller
  20: LdrGetProcedureAddress
  21: LdrGetDllHandleEx
  22: LdrGetDllHandleEx
  23: LdrLoadDll
  24: OverlayHookD3D3
  25: LoadLibraryExW
  26: OverlayHookD3D3
  27: OverlayHookD3D3
  28: DllMain
  29: DllMain
  30: DllMain
  31: DllMain
  32: Scaleform::Render::Matrix2x4<float>::TransformByInverse
  33: Scaleform::Render::Matrix4x4<float>::SetIdentity
  34: AK::WriteBytesCount::WriteBytes
  35: BaseThreadInitThunk
  36: RtlUserThreadStart

21:05:55 [ERROR] Rust panic: panic in a function that cannot unwind
   0: DllMain
   1: DllMain
   2: DllMain
   3: DllMain
   4: DllMain
   5: DllMain
   6: DllMain
   7: aws_lc_0_45_0_jent_entropy_switch_notime_impl
   8: aws_lc_0_45_0_jent_entropy_switch_notime_impl
   9: aws_lc_0_45_0_jent_entropy_switch_notime_impl
  10: DllMain
  11: _CxxFrameHandler3
  12: is_exception_typeof
  13: RtlCaptureContext2
  14: DllMain
  15: aws_lc_0_45_0_jent_entropy_switch_notime_impl
  16: RtlEncodeRemotePointer
  17: RtlAllocateHeap
  18: LdrAddRefDll
  19: LdrGetProcedureAddressForCaller
  20: LdrGetProcedureAddress
  21: LdrGetDllHandleEx
  22: LdrGetDllHandleEx
  23: LdrLoadDll
  24: OverlayHookD3D3
  25: LoadLibraryExW
  26: OverlayHookD3D3
  27: OverlayHookD3D3
  28: DllMain
  29: DllMain
  30: DllMain
  31: DllMain
  32: Scaleform::Render::Matrix2x4<float>::TransformByInverse
  33: Scaleform::Render::Matrix4x4<float>::SetIdentity
  34: AK::WriteBytesCount::WriteBytes
  35: BaseThreadInitThunk
  36: RtlUserThreadStart

21:20:57 [INFO] Logger initialized.
21:20:57 [ERROR] Rust panic: This game version or distribution is not supported
   0: DllMain
   1: DllMain
   2: DllMain
   3: DllMain
   4: DllMain
   5: DllMain
   6: DllMain
   7: aws_lc_0_45_0_jent_entropy_switch_notime_impl
   8: aws_lc_0_45_0_jent_entropy_switch_notime_impl
   9: DllMain
  10: DllMain
  11: aws_lc_0_45_0_jent_entropy_switch_notime_impl
  12: DllMain
  13: DllMain
  14: DllMain
  15: aws_lc_0_45_0_jent_entropy_switch_notime_impl
  16: RtlEncodeRemotePointer
  17: RtlAllocateHeap
  18: LdrAddRefDll
  19: LdrGetProcedureAddressForCaller
  20: LdrGetProcedureAddress
  21: LdrGetDllHandleEx
  22: LdrGetDllHandleEx
  23: LdrLoadDll
  24: OverlayHookD3D3
  25: LoadLibraryExW
  26: OverlayHookD3D3
  27: OverlayHookD3D3
  28: DllMain
  29: DllMain
  30: DllMain
  31: DllMain
  32: Scaleform::Render::Matrix2x4<float>::TransformByInverse
  33: Scaleform::Render::Matrix4x4<float>::SetIdentity
  34: AK::WriteBytesCount::WriteBytes
  35: BaseThreadInitThunk
  36: RtlUserThreadStart

21:21:02 [ERROR] Rust panic: panic in a function that cannot unwind
   0: DllMain
   1: DllMain
   2: DllMain
   3: DllMain
   4: DllMain
   5: DllMain
   6: DllMain
   7: aws_lc_0_45_0_jent_entropy_switch_notime_impl
   8: aws_lc_0_45_0_jent_entropy_switch_notime_impl
   9: aws_lc_0_45_0_jent_entropy_switch_notime_impl
  10: DllMain
  11: _CxxFrameHandler3
  12: is_exception_typeof
  13: RtlCaptureContext2
  14: DllMain
  15: aws_lc_0_45_0_jent_entropy_switch_notime_impl
  16: RtlEncodeRemotePointer
  17: RtlAllocateHeap
  18: LdrAddRefDll
  19: LdrGetProcedureAddressForCaller
  20: LdrGetProcedureAddress
  21: LdrGetDllHandleEx
  22: LdrGetDllHandleEx
  23: LdrLoadDll
  24: OverlayHookD3D3
  25: LoadLibraryExW
  26: OverlayHookD3D3
  27: OverlayHookD3D3
  28: DllMain
  29: DllMain
  30: DllMain
  31: DllMain
  32: Scaleform::Render::Matrix2x4<float>::TransformByInverse
  33: Scaleform::Render::Matrix4x4<float>::SetIdentity
  34: AK::WriteBytesCount::WriteBytes
  35: BaseThreadInitThunk
  36: RtlUserThreadStart

21:22:51 [INFO] Logger initialized.
21:22:51 [ERROR] Rust panic: This game version or distribution is not supported
   0: DllMain
   1: DllMain
   2: DllMain
   3: DllMain
   4: DllMain
   5: DllMain
   6: DllMain
   7: aws_lc_0_45_0_jent_entropy_switch_notime_impl
   8: aws_lc_0_45_0_jent_entropy_switch_notime_impl
   9: DllMain
  10: DllMain
  11: aws_lc_0_45_0_jent_entropy_switch_notime_impl
  12: DllMain
  13: DllMain
  14: DllMain
  15: aws_lc_0_45_0_jent_entropy_switch_notime_impl
  16: RtlEncodeRemotePointer
  17: RtlAllocateHeap
  18: LdrAddRefDll
  19: LdrGetProcedureAddressForCaller
  20: LdrGetProcedureAddress
  21: LdrGetDllHandleEx
  22: LdrGetDllHandleEx
  23: LdrLoadDll
  24: OverlayHookD3D3
  25: LoadLibraryExW
  26: OverlayHookD3D3
  27: OverlayHookD3D3
  28: DllMain
  29: DllMain
  30: DllMain
  31: DllMain
  32: Scaleform::Render::Matrix2x4<float>::TransformByInverse
  33: Scaleform::Render::Matrix4x4<float>::SetIdentity
  34: AK::WriteBytesCount::WriteBytes
  35: BaseThreadInitThunk
  36: RtlUserThreadStart

21:22:53 [ERROR] Rust panic: panic in a function that cannot unwind
   0: DllMain
   1: DllMain
   2: DllMain
   3: DllMain
   4: DllMain
   5: DllMain
   6: DllMain
   7: aws_lc_0_45_0_jent_entropy_switch_notime_impl
   8: aws_lc_0_45_0_jent_entropy_switch_notime_impl
   9: aws_lc_0_45_0_jent_entropy_switch_notime_impl
  10: DllMain
  11: _CxxFrameHandler3
  12: is_exception_typeof
  13: RtlCaptureContext2
  14: DllMain
  15: aws_lc_0_45_0_jent_entropy_switch_notime_impl
  16: RtlEncodeRemotePointer
  17: RtlAllocateHeap
  18: LdrAddRefDll
  19: LdrGetProcedureAddressForCaller
  20: LdrGetProcedureAddress
  21: LdrGetDllHandleEx
  22: LdrGetDllHandleEx
  23: LdrLoadDll
  24: OverlayHookD3D3
  25: LoadLibraryExW
  26: OverlayHookD3D3
  27: OverlayHookD3D3
  28: DllMain
  29: DllMain
  30: DllMain
  31: DllMain
  32: Scaleform::Render::Matrix2x4<float>::TransformByInverse
  33: Scaleform::Render::Matrix4x4<float>::SetIdentity
  34: AK::WriteBytesCount::WriteBytes
  35: BaseThreadInitThunk
  36: RtlUserThreadStart

21:27:17 [INFO] Logger initialized.
21:27:17 [ERROR] Rust panic: This game version or distribution is not supported
   0: DllMain
   1: DllMain
   2: DllMain
   3: DllMain
   4: DllMain
   5: DllMain
   6: DllMain
   7: aws_lc_0_45_0_jent_entropy_switch_notime_impl
   8: aws_lc_0_45_0_jent_entropy_switch_notime_impl
   9: DllMain
  10: DllMain
  11: aws_lc_0_45_0_jent_entropy_switch_notime_impl
  12: DllMain
  13: DllMain
  14: DllMain
  15: aws_lc_0_45_0_jent_entropy_switch_notime_impl
  16: RtlEncodeRemotePointer
  17: RtlAllocateHeap
  18: LdrAddRefDll
  19: LdrGetProcedureAddressForCaller
  20: LdrGetProcedureAddress
  21: LdrGetDllHandleEx
  22: LdrGetDllHandleEx
  23: LdrLoadDll
  24: OverlayHookD3D3
  25: LoadLibraryExW
  26: OverlayHookD3D3
  27: OverlayHookD3D3
  28: DllMain
  29: DllMain
  30: DllMain
  31: DllMain
  32: Scaleform::Render::Matrix2x4<float>::TransformByInverse
  33: Scaleform::Render::Matrix4x4<float>::SetIdentity
  34: AK::WriteBytesCount::WriteBytes
  35: BaseThreadInitThunk
  36: RtlUserThreadStart

21:27:20 [ERROR] Rust panic: panic in a function that cannot unwind
   0: DllMain
   1: DllMain
   2: DllMain
   3: DllMain
   4: DllMain
   5: DllMain
   6: DllMain
   7: aws_lc_0_45_0_jent_entropy_switch_notime_impl
   8: aws_lc_0_45_0_jent_entropy_switch_notime_impl
   9: aws_lc_0_45_0_jent_entropy_switch_notime_impl
  10: DllMain
  11: _CxxFrameHandler3
  12: is_exception_typeof
  13: RtlCaptureContext2
  14: DllMain
  15: aws_lc_0_45_0_jent_entropy_switch_notime_impl
  16: RtlEncodeRemotePointer
  17: RtlAllocateHeap
  18: LdrAddRefDll
  19: LdrGetProcedureAddressForCaller
  20: LdrGetProcedureAddress
  21: LdrGetDllHandleEx
  22: LdrGetDllHandleEx
  23: LdrLoadDll
  24: OverlayHookD3D3
  25: LoadLibraryExW
  26: OverlayHookD3D3
  27: OverlayHookD3D3
  28: DllMain
  29: DllMain
  30: DllMain
  31: DllMain
  32: Scaleform::Render::Matrix2x4<float>::TransformByInverse
  33: Scaleform::Render::Matrix4x4<float>::SetIdentity
  34: AK::WriteBytesCount::WriteBytes
  35: BaseThreadInitThunk
  36: RtlUserThreadStart

